Archive member included to satisfy reference by file (symbol)

/Applications/ArmGNUToolchain/13.3.rel1/arm-none-eabi/bin/../lib/gcc/arm-none-eabi/13.3.1/../../../../arm-none-eabi/lib/thumb/v7e-m+fp/hard/libc_nano.a(libc_a-exit.o)
                              /Applications/ArmGNUToolchain/13.3.rel1/arm-none-eabi/bin/../lib/gcc/arm-none-eabi/13.3.1/../../../../arm-none-eabi/lib/thumb/v7e-m+fp/hard/crt0.o (exit)
/Applications/ArmGNUToolchain/13.3.rel1/arm-none-eabi/bin/../lib/gcc/arm-none-eabi/13.3.1/../../../../arm-none-eabi/lib/thumb/v7e-m+fp/hard/libc_nano.a(libc_a-findfp.o)
                              /Applications/ArmGNUToolchain/13.3.rel1/arm-none-eabi/bin/../lib/gcc/arm-none-eabi/13.3.1/../../../../arm-none-eabi/lib/thumb/v7e-m+fp/hard/libc_nano.a(libc_a-exit.o) (__stdio_exit_handler)
/Applications/ArmGNUToolchain/13.3.rel1/arm-none-eabi/bin/../lib/gcc/arm-none-eabi/13.3.1/../../../../arm-none-eabi/lib/thumb/v7e-m+fp/hard/libc_nano.a(libc_a-fwalk.o)
                              /Applications/ArmGNUToolchain/13.3.rel1/arm-none-eabi/bin/../lib/gcc/arm-none-eabi/13.3.1/../../../../arm-none-eabi/lib/thumb/v7e-m+fp/hard/libc_nano.a(libc_a-findfp.o) (_fwalk_sglue)
/Applications/ArmGNUToolchain/13.3.rel1/arm-none-eabi/bin/../lib/gcc/arm-none-eabi/13.3.1/../../../../arm-none-eabi/lib/thumb/v7e-m+fp/hard/libc_nano.a(libc_a-memset.o)
                              /Applications/ArmGNUToolchain/13.3.rel1/arm-none-eabi/bin/../lib/gcc/arm-none-eabi/13.3.1/../../../../arm-none-eabi/lib/thumb/v7e-m+fp/hard/crt0.o (memset)
/Applications/ArmGNUToolchain/13.3.rel1/arm-none-eabi/bin/../lib/gcc/arm-none-eabi/13.3.1/../../../../arm-none-eabi/lib/thumb/v7e-m+fp/hard/libc_nano.a(libc_a-init.o)
                              /Applications/ArmGNUToolchain/13.3.rel1/arm-none-eabi/bin/../lib/gcc/arm-none-eabi/13.3.1/../../../../arm-none-eabi/lib/thumb/v7e-m+fp/hard/crt0.o (__libc_init_array)
/Applications/ArmGNUToolchain/13.3.rel1/arm-none-eabi/bin/../lib/gcc/arm-none-eabi/13.3.1/../../../../arm-none-eabi/lib/thumb/v7e-m+fp/hard/libc_nano.a(libc_a-lock.o)
                              /Applications/ArmGNUToolchain/13.3.rel1/arm-none-eabi/bin/../lib/gcc/arm-none-eabi/13.3.1/../../../../arm-none-eabi/lib/thumb/v7e-m+fp/hard/libc_nano.a(libc_a-findfp.o) (__retarget_lock_init_recursive)
/Applications/ArmGNUToolchain/13.3.rel1/arm-none-eabi/bin/../lib/gcc/arm-none-eabi/13.3.1/../../../../arm-none-eabi/lib/thumb/v7e-m+fp/hard/libc_nano.a(libc_a-impure.o)
                              /Applications/ArmGNUToolchain/13.3.rel1/arm-none-eabi/bin/../lib/gcc/arm-none-eabi/13.3.1/../../../../arm-none-eabi/lib/thumb/v7e-m+fp/hard/libc_nano.a(libc_a-findfp.o) (_impure_data)
/Applications/ArmGNUToolchain/13.3.rel1/arm-none-eabi/bin/../lib/gcc/arm-none-eabi/13.3.1/../../../../arm-none-eabi/lib/thumb/v7e-m+fp/hard/libc_nano.a(libc_a-mallocr.o)
                              /Applications/ArmGNUToolchain/13.3.rel1/arm-none-eabi/bin/../lib/gcc/arm-none-eabi/13.3.1/../../../../arm-none-eabi/lib/thumb/v7e-m+fp/hard/libc_nano.a(libc_a-findfp.o) (_malloc_r)
/Applications/ArmGNUToolchain/13.3.rel1/arm-none-eabi/bin/../lib/gcc/arm-none-eabi/13.3.1/../../../../arm-none-eabi/lib/thumb/v7e-m+fp/hard/libc_nano.a(libc_a-fflush.o)
                              /Applications/ArmGNUToolchain/13.3.rel1/arm-none-eabi/bin/../lib/gcc/arm-none-eabi/13.3.1/../../../../arm-none-eabi/lib/thumb/v7e-m+fp/hard/libc_nano.a(libc_a-findfp.o) (_fflush_r)
/Applications/ArmGNUToolchain/13.3.rel1/arm-none-eabi/bin/../lib/gcc/arm-none-eabi/13.3.1/../../../../arm-none-eabi/lib/thumb/v7e-m+fp/hard/libc_nano.a(libc_a-mlock.o)
                              /Applications/ArmGNUToolchain/13.3.rel1/arm-none-eabi/bin/../lib/gcc/arm-none-eabi/13.3.1/../../../../arm-none-eabi/lib/thumb/v7e-m+fp/hard/libc_nano.a(libc_a-mallocr.o) (__malloc_lock)
/Applications/ArmGNUToolchain/13.3.rel1/arm-none-eabi/bin/../lib/gcc/arm-none-eabi/13.3.1/../../../../arm-none-eabi/lib/thumb/v7e-m+fp/hard/libc_nano.a(libc_a-stdio.o)
                              /Applications/ArmGNUToolchain/13.3.rel1/arm-none-eabi/bin/../lib/gcc/arm-none-eabi/13.3.1/../../../../arm-none-eabi/lib/thumb/v7e-m+fp/hard/libc_nano.a(libc_a-findfp.o) (__sread)
/Applications/ArmGNUToolchain/13.3.rel1/arm-none-eabi/bin/../lib/gcc/arm-none-eabi/13.3.1/../../../../arm-none-eabi/lib/thumb/v7e-m+fp/hard/libc_nano.a(libc_a-lseekr.o)
                              /Applications/ArmGNUToolchain/13.3.rel1/arm-none-eabi/bin/../lib/gcc/arm-none-eabi/13.3.1/../../../../arm-none-eabi/lib/thumb/v7e-m+fp/hard/libc_nano.a(libc_a-stdio.o) (_lseek_r)
/Applications/ArmGNUToolchain/13.3.rel1/arm-none-eabi/bin/../lib/gcc/arm-none-eabi/13.3.1/../../../../arm-none-eabi/lib/thumb/v7e-m+fp/hard/libc_nano.a(libc_a-readr.o)
                              /Applications/ArmGNUToolchain/13.3.rel1/arm-none-eabi/bin/../lib/gcc/arm-none-eabi/13.3.1/../../../../arm-none-eabi/lib/thumb/v7e-m+fp/hard/libc_nano.a(libc_a-stdio.o) (_read_r)
[...]
Memory Configuration

Name             Origin             Length             Attributes
RAM              0x20000000         0x00018000         xrw
RAM2             0x10000000         0x00008000         xrw
FLASH            0x08000000         0x00100000         xr
*default*        0x00000000         0xffffffff

Linker script and memory map

LOAD /Applications/ArmGNUToolchain/13.3.rel1/arm-none-eabi/bin/../lib/gcc/arm-none-eabi/13.3.1/thumb/v7e-m+fp/hard/crti.o
LOAD /Applications/ArmGNUToolchain/13.3.rel1/arm-none-eabi/bin/../lib/gcc/arm-none-eabi/13.3.1/thumb/v7e-m+fp/hard/crtbegin.o
LOAD /Applications/ArmGNUToolchain/13.3.rel1/arm-none-eabi/bin/../lib/gcc/arm-none-eabi/13.3.1/../../../../arm-none-eabi/lib/thumb/v7e-m+fp/hard/crt0.o
START GROUP
LOAD /Applications/ArmGNUToolchain/13.3.rel1/arm-none-eabi/bin/../lib/gcc/arm-none-eabi/13.3.1/../../../../arm-none-eabi/lib/thumb/v7e-m+fp/hard/libc_nano.a
LOAD /Applications/ArmGNUToolchain/13.3.rel1/arm-none-eabi/bin/../lib/gcc/arm-none-eabi/13.3.1/../../../../arm-none-eabi/lib/thumb/v7e-m+fp/hard/libm.a
END GROUP
LOAD CMakeFiles/SPI_DRIVER.dir/Core/Src/main.c.obj
LOAD CMakeFiles/SPI_DRIVER.dir/Core/Src/stm32l4xx_it.c.obj
LOAD CMakeFiles/SPI_DRIVER.dir/Core/Src/stm32l4xx_hal_msp.c.obj
LOAD CMakeFiles/SPI_DRIVER.dir/Drivers/STM32L4xx_HAL_Driver/Src/stm32l4xx_hal.c.obj
LOAD CMakeFiles/SPI_DRIVER.dir/Drivers/STM32L4xx_HAL_Driver/Src/stm32l4xx_hal_rcc.c.obj
LOAD CMakeFiles/SPI_DRIVER.dir/Drivers/STM32L4xx_HAL_Driver/Src/stm32l4xx_hal_rcc_ex.c.obj
LOAD CMakeFiles/SPI_DRIVER.dir/Drivers/STM32L4xx_HAL_Driver/Src/stm32l4xx_hal_flash.c.obj
LOAD CMakeFiles/SPI_DRIVER.dir/Drivers/STM32L4xx_HAL_Driver/Src/stm32l4xx_hal_flash_ex.c.obj
LOAD CMakeFiles/SPI_DRIVER.dir/Drivers/STM32L4xx_HAL_Driver/Src/stm32l4xx_hal_flash_ramfunc.c.obj
LOAD CMakeFiles/SPI_DRIVER.dir/Drivers/STM32L4xx_HAL_Driver/Src/stm32l4xx_hal_gpio.c.obj
LOAD CMakeFiles/SPI_DRIVER.dir/Drivers/STM32L4xx_HAL_Driver/Src/stm32l4xx_hal_i2c.c.obj
LOAD CMakeFiles/SPI_DRIVER.dir/Drivers/STM32L4xx_HAL_Driver/Src/stm32l4xx_hal_i2c_ex.c.obj
LOAD CMakeFiles/SPI_DRIVER.dir/Drivers/STM32L4xx_HAL_Driver/Src/stm32l4xx_hal_dma.c.obj
LOAD CMakeFiles/SPI_DRIVER.dir/Drivers/STM32L4xx_HAL_Driver/Src/stm32l4xx_hal_dma_ex.c.obj
LOAD CMakeFiles/SPI_DRIVER.dir/Drivers/STM32L4xx_HAL_Driver/Src/stm32l4xx_hal_pwr.c.obj
LOAD CMakeFiles/SPI_DRIVER.dir/Drivers/STM32L4xx_HAL_Driver/Src/stm32l4xx_hal_pwr_ex.c.obj
LOAD CMakeFiles/SPI_DRIVER.dir/Drivers/STM32L4xx_HAL_Driver/Src/stm32l4xx_hal_cortex.c.obj
LOAD CMakeFiles/SPI_DRIVER.dir/Drivers/STM32L4xx_HAL_Driver/Src/stm32l4xx_hal_exti.c.obj
LOAD CMakeFiles/SPI_DRIVER.dir/Core/Src/system_stm32l4xx.c.obj
LOAD CMakeFiles/SPI_DRIVER.dir/Core/Src/sysmem.c.obj
LOAD CMakeFiles/SPI_DRIVER.dir/Core/Src/syscalls.c.obj
LOAD CMakeFiles/SPI_DRIVER.dir/startup_stm32l476xx.s.obj
START GROUP
LOAD /Applications/ArmGNUToolchain/13.3.rel1/arm-none-eabi/bin/../lib/gcc/arm-none-eabi/13.3.1/thumb/v7e-m+fp/hard/libgcc.a
LOAD /Applications/ArmGNUToolchain/13.3.rel1/arm-none-eabi/bin/../lib/gcc/arm-none-eabi/13.3.1/../../../../arm-none-eabi/lib/thumb/v7e-m+fp/hard/libg_nano.a
LOAD /Applications/ArmGNUToolchain/13.3.rel1/arm-none-eabi/bin/../lib/gcc/arm-none-eabi/13.3.1/../../../../arm-none-eabi/lib/thumb/v7e-m+fp/hard/libc_nano.a
END GROUP
START GROUP
LOAD /Applications/ArmGNUToolchain/13.3.rel1/arm-none-eabi/bin/../lib/gcc/arm-none-eabi/13.3.1/thumb/v7e-m+fp/hard/libgcc.a
LOAD /Applications/ArmGNUToolchain/13.3.rel1/arm-none-eabi/bin/../lib/gcc/arm-none-eabi/13.3.1/../../../../arm-none-eabi/lib/thumb/v7e-m+fp/hard/libc_nano.a
END GROUP
LOAD /Applications/ArmGNUToolchain/13.3.rel1/arm-none-eabi/bin/../lib/gcc/arm-none-eabi/13.3.1/thumb/v7e-m+fp/hard/crtend.o
LOAD /Applications/ArmGNUToolchain/13.3.rel1/arm-none-eabi/bin/../lib/gcc/arm-none-eabi/13.3.1/thumb/v7e-m+fp/hard/crtn.o
                0x20018000                        _estack = (ORIGIN (RAM) + LENGTH (RAM))
                0x00000200                        _Min_Heap_Size = 0x200
                0x00000400                        _Min_Stack_Size = 0x400

.isr_vector     0x08000000      0x188
                0x08000000                        . = ALIGN (0x4)
 *(.isr_vector)
 .isr_vector    0x08000000      0x188 CMakeFiles/SPI_DRIVER.dir/startup_stm32l476xx.s.obj
                0x08000000                g_pfnVectors
                0x08000188                        . = ALIGN (0x4)

.text           0x08000188     0x1670
                0x08000188                        . = ALIGN (0x4)
 *(.text)
 *(.text*)
 .text.deregister_tm_clones
                0x08000188       0x1c /Applications/ArmGNUToolchain/13.3.rel1/arm-none-eabi/bin/../lib/gcc/arm-none-eabi/13.3.1/thumb/v7e-m+fp/hard/crtbegin.o
 .text.register_tm_clones
                0x080001a4       0x24 /Applications/ArmGNUToolchain/13.3.rel1/arm-none-eabi/bin/../lib/gcc/arm-none-eabi/13.3.1/thumb/v7e-m+fp/hard/crtbegin.o
 .text.__do_global_dtors_aux
                0x080001c8       0x28 /Applications/ArmGNUToolchain/13.3.rel1/arm-none-eabi/bin/../lib/gcc/arm-none-eabi/13.3.1/thumb/v7e-m+fp/hard/crtbegin.o
 .text.frame_dummy
                0x080001f0       0x24 /Applications/ArmGNUToolchain/13.3.rel1/arm-none-eabi/bin/../lib/gcc/arm-none-eabi/13.3.1/thumb/v7e-m+fp/hard/crtbegin.o
 .text.memset   0x08000214       0x10 /Applications/ArmGNUToolchain/13.3.rel1/arm-none-eabi/bin/../lib/gcc/arm-none-eabi/13.3.1/../../../../arm-none-eabi/lib/thumb/v7e-m+fp/hard/libc_nano.a(libc_a-memset.o)
                0x08000214                memset
 .text.__libc_init_array
                0x08000224       0x48 /Applications/ArmGNUToolchain/13.3.rel1/arm-none-eabi/bin/../lib/gcc/arm-none-eabi/13.3.1/../../../../arm-none-eabi/lib/thumb/v7e-m+fp/hard/libc_nano.a(libc_a-init.o)
                0x08000224                __libc_init_array
 .text.main     0x0800026c       0x14 CMakeFiles/SPI_DRIVER.dir/Core/Src/main.c.obj
                0x0800026c                main
 .text.SystemClock_Config
                0x08000280       0xa2 CMakeFiles/SPI_DRIVER.dir/Core/Src/main.c.obj
                0x08000280                SystemClock_Config
 *fill*         0x08000322        0x2 
 .text.MX_GPIO_Init
                0x08000324       0xf0 CMakeFiles/SPI_DRIVER.dir/Core/Src/main.c.obj
 .text.Error_Handler
                0x08000414        0xc CMakeFiles/SPI_DRIVER.dir/Core/Src/main.c.obj
                0x08000414                Error_Handler
 .text.NMI_Handler
                0x08000420        0x8 CMakeFiles/SPI_DRIVER.dir/Core/Src/stm32l4xx_it.c.obj
                0x08000420                NMI_Handler
 .text.HardFault_Handler
                0x08000428        0x8 CMakeFiles/SPI_DRIVER.dir/Core/Src/stm32l4xx_it.c.obj
                0x08000428                HardFault_Handler
 .text.MemManage_Handler
                0x08000430        0x8 CMakeFiles/SPI_DRIVER.dir/Core/Src/stm32l4xx_it.c.obj
                0x08000430                MemManage_Handler
 .text.BusFault_Handler
                0x08000438        0x8 CMakeFiles/SPI_DRIVER.dir/Core/Src/stm32l4xx_it.c.obj
                0x08000438                BusFault_Handler
 .text.UsageFault_Handler
                0x08000440        0x8 CMakeFiles/SPI_DRIVER.dir/Core/Src/stm32l4xx_it.c.obj
                0x08000440                UsageFault_Handler
 .text.SVC_Handler
                0x08000448        0xe CMakeFiles/SPI_DRIVER.dir/Core/Src/stm32l4xx_it.c.obj
                0x08000448                SVC_Handler
 .text.DebugMon_Handler
                0x08000456        0xe CMakeFiles/SPI_DRIVER.dir/Core/Src/stm32l4xx_it.c.obj
                0x08000456                DebugMon_Handler
 .text.PendSV_Handler
                0x08000464        0xe CMakeFiles/SPI_DRIVER.dir/Core/Src/stm32l4xx_it.c.obj
                0x08000464                PendSV_Handler
 .text.SysTick_Handler
                0x08000472        0xc CMakeFiles/SPI_DRIVER.dir/Core/Src/stm32l4xx_it.c.obj
                0x08000472                SysTick_Handler
 *fill*         0x0800047e        0x2 
 .text.HAL_MspInit
                0x08000480       0x48 CMakeFiles/SPI_DRIVER.dir/Core/Src/stm32l4xx_hal_msp.c.obj
                0x08000480                HAL_MspInit
 .text.HAL_Init
                0x080004c8       0x40 CMakeFiles/SPI_DRIVER.dir/Drivers/STM32L4xx_HAL_Driver/Src/stm32l4xx_hal.c.obj
                0x080004c8                HAL_Init
 .text.HAL_InitTick
                0x08000508       0x78 CMakeFiles/SPI_DRIVER.dir/Drivers/STM32L4xx_HAL_Driver/Src/stm32l4xx_hal.c.obj
                0x08000508                HAL_InitTick
 .text.HAL_IncTick
                0x08000580       0x28 CMakeFiles/SPI_DRIVER.dir/Drivers/STM32L4xx_HAL_Driver/Src/stm32l4xx_hal.c.obj
                0x08000580                HAL_IncTick
 .text.HAL_GetTick
                0x080005a8       0x18 CMakeFiles/SPI_DRIVER.dir/Drivers/STM32L4xx_HAL_Driver/Src/stm32l4xx_hal.c.obj
                0x080005a8                HAL_GetTick
 .text.HAL_RCC_OscConfig
                0x080005c0      0x7b8 CMakeFiles/SPI_DRIVER.dir/Drivers/STM32L4xx_HAL_Driver/Src/stm32l4xx_hal_rcc.c.obj
                0x080005c0                HAL_RCC_OscConfig
 .text.HAL_RCC_ClockConfig
                0x08000d78      0x200 CMakeFiles/SPI_DRIVER.dir/Drivers/STM32L4xx_HAL_Driver/Src/stm32l4xx_hal_rcc.c.obj
                0x08000d78                HAL_RCC_ClockConfig
 .text.HAL_RCC_GetSysClockFreq
                0x08000f78      0x118 CMakeFiles/SPI_DRIVER.dir/Drivers/STM32L4xx_HAL_Driver/Src/stm32l4xx_hal_rcc.c.obj
                0x08000f78                HAL_RCC_GetSysClockFreq
 .text.RCC_SetFlashLatencyFromMSIRange
                0x08001090       0xc0 CMakeFiles/SPI_DRIVER.dir/Drivers/STM32L4xx_HAL_Driver/Src/stm32l4xx_hal_rcc.c.obj
 .text.HAL_GPIO_Init
                0x08001150      0x354 CMakeFiles/SPI_DRIVER.dir/Drivers/STM32L4xx_HAL_Driver/Src/stm32l4xx_hal_gpio.c.obj
                0x08001150                HAL_GPIO_Init
 .text.HAL_GPIO_WritePin
                0x080014a4       0x30 CMakeFiles/SPI_DRIVER.dir/Drivers/STM32L4xx_HAL_Driver/Src/stm32l4xx_hal_gpio.c.obj
                0x080014a4                HAL_GPIO_WritePin
 .text.HAL_PWREx_GetVoltageRange
                0x080014d4       0x1c CMakeFiles/SPI_DRIVER.dir/Drivers/STM32L4xx_HAL_Driver/Src/stm32l4xx_hal_pwr_ex.c.obj
                0x080014d4                HAL_PWREx_GetVoltageRange
 .text.HAL_PWREx_ControlVoltageScaling
                0x080014f0       0xac CMakeFiles/SPI_DRIVER.dir/Drivers/STM32L4xx_HAL_Driver/Src/stm32l4xx_hal_pwr_ex.c.obj
                0x080014f0                HAL_PWREx_ControlVoltageScaling
 .text.__NVIC_SetPriorityGrouping
                0x0800159c       0x48 CMakeFiles/SPI_DRIVER.dir/Drivers/STM32L4xx_HAL_Driver/Src/stm32l4xx_hal_cortex.c.obj
 .text.__NVIC_GetPriorityGrouping
                0x080015e4       0x1c CMakeFiles/SPI_DRIVER.dir/Drivers/STM32L4xx_HAL_Driver/Src/stm32l4xx_hal_cortex.c.obj
 .text.__NVIC_SetPriority
                0x08001600       0x54 CMakeFiles/SPI_DRIVER.dir/Drivers/STM32L4xx_HAL_Driver/Src/stm32l4xx_hal_cortex.c.obj
 .text.NVIC_EncodePriority
                0x08001654       0x66 CMakeFiles/SPI_DRIVER.dir/Drivers/STM32L4xx_HAL_Driver/Src/stm32l4xx_hal_cortex.c.obj
 *fill*         0x080016ba        0x2 
 .text.SysTick_Config
                0x080016bc       0x44 CMakeFiles/SPI_DRIVER.dir/Drivers/STM32L4xx_HAL_Driver/Src/stm32l4xx_hal_cortex.c.obj
 .text.HAL_NVIC_SetPriorityGrouping
                0x08001700       0x16 CMakeFiles/SPI_DRIVER.dir/Drivers/STM32L4xx_HAL_Driver/Src/stm32l4xx_hal_cortex.c.obj
                0x08001700                HAL_NVIC_SetPriorityGrouping
 .text.HAL_NVIC_SetPriority
                0x08001716       0x38 CMakeFiles/SPI_DRIVER.dir/Drivers/STM32L4xx_HAL_Driver/Src/stm32l4xx_hal_cortex.c.obj
                0x08001716                HAL_NVIC_SetPriority
 .text.HAL_SYSTICK_Config
                0x0800174e       0x18 CMakeFiles/SPI_DRIVER.dir/Drivers/STM32L4xx_HAL_Driver/Src/stm32l4xx_hal_cortex.c.obj
                0x0800174e                HAL_SYSTICK_Config
 *fill*         0x08001766        0x2 
 .text.SystemInit
                0x08001768       0x24 CMakeFiles/SPI_DRIVER.dir/Core/Src/system_stm32l4xx.c.obj
                0x08001768                SystemInit
 .text.Reset_Handler
                0x0800178c       0x50 CMakeFiles/SPI_DRIVER.dir/startup_stm32l476xx.s.obj
                0x0800178c                Reset_Handler
 .text.Default_Handler
                0x080017dc        0x2 CMakeFiles/SPI_DRIVER.dir/startup_stm32l476xx.s.obj
                0x080017dc                TIM1_BRK_TIM15_IRQHandler
                0x080017dc                EXTI2_IRQHandler
                0x080017dc                TIM8_TRG_COM_IRQHandler
                0x080017dc                TIM8_CC_IRQHandler
                0x080017dc                TIM1_CC_IRQHandler
                0x080017dc                TSC_IRQHandler
                0x080017dc                TAMP_STAMP_IRQHandler
                0x080017dc                EXTI3_IRQHandler
                0x080017dc                LPTIM2_IRQHandler
                0x080017dc                DFSDM1_FLT1_IRQHandler
                0x080017dc                I2C3_ER_IRQHandler
                0x080017dc                DFSDM1_FLT2_IRQHandler
                0x080017dc                EXTI0_IRQHandler
                0x080017dc                I2C2_EV_IRQHandler
                0x080017dc                CAN1_RX0_IRQHandler
                0x080017dc                FPU_IRQHandler
                0x080017dc                TIM1_UP_TIM16_IRQHandler
                0x080017dc                ADC1_2_IRQHandler
                0x080017dc                SPI1_IRQHandler
                0x080017dc                TIM6_DAC_IRQHandler
                0x080017dc                TIM8_UP_IRQHandler
                0x080017dc                DMA2_Channel2_IRQHandler
                0x080017dc                DMA1_Channel4_IRQHandler
                0x080017dc                SAI2_IRQHandler
                0x080017dc                DFSDM1_FLT3_IRQHandler
                0x080017dc                USART3_IRQHandler
                0x080017dc                DMA1_Channel7_IRQHandler
                0x080017dc                CAN1_RX1_IRQHandler
                0x080017dc                LCD_IRQHandler
                0x080017dc                UART5_IRQHandler
                0x080017dc                ADC3_IRQHandler
                0x080017dc                TIM4_IRQHandler
                0x080017dc                DMA2_Channel1_IRQHandler
                0x080017dc                QUADSPI_IRQHandler
                0x080017dc                I2C1_EV_IRQHandler
                0x080017dc                DMA1_Channel6_IRQHandler
                0x080017dc                UART4_IRQHandler
                0x080017dc                DMA2_Channel4_IRQHandler
                0x080017dc                TIM3_IRQHandler
                0x080017dc                RCC_IRQHandler
                0x080017dc                DMA1_Channel1_IRQHandler
                0x080017dc                Default_Handler
                0x080017dc                DMA2_Channel7_IRQHandler
                0x080017dc                EXTI15_10_IRQHandler
                0x080017dc                TIM7_IRQHandler
                0x080017dc                SDMMC1_IRQHandler
                0x080017dc                TIM5_IRQHandler
                0x080017dc                I2C3_EV_IRQHandler
                0x080017dc                EXTI9_5_IRQHandler
                0x080017dc                RTC_WKUP_IRQHandler
                0x080017dc                PVD_PVM_IRQHandler
                0x080017dc                SPI2_IRQHandler
                0x080017dc                CAN1_TX_IRQHandler
                0x080017dc                DMA2_Channel5_IRQHandler
                0x080017dc                DMA1_Channel5_IRQHandler
                0x080017dc                EXTI4_IRQHandler
                0x080017dc                RNG_IRQHandler
                0x080017dc                TIM1_TRG_COM_TIM17_IRQHandler
                0x080017dc                DMA1_Channel3_IRQHandler
                0x080017dc                COMP_IRQHandler
                0x080017dc                WWDG_IRQHandler
                0x080017dc                LPUART1_IRQHandler
                0x080017dc                DMA2_Channel6_IRQHandler
                0x080017dc                TIM2_IRQHandler
                0x080017dc                EXTI1_IRQHandler
                0x080017dc                USART2_IRQHandler
                0x080017dc                DFSDM1_FLT0_IRQHandler
                0x080017dc                I2C2_ER_IRQHandler
                0x080017dc                DMA1_Channel2_IRQHandler
                0x080017dc                TIM8_BRK_IRQHandler
                0x080017dc                CAN1_SCE_IRQHandler
                0x080017dc                FLASH_IRQHandler
                0x080017dc                USART1_IRQHandler
                0x080017dc                OTG_FS_IRQHandler
                0x080017dc                SPI3_IRQHandler
                0x080017dc                I2C1_ER_IRQHandler
                0x080017dc                FMC_IRQHandler
                0x080017dc                SWPMI1_IRQHandler
                0x080017dc                LPTIM1_IRQHandler
                0x080017dc                SAI1_IRQHandler
                0x080017dc                DMA2_Channel3_IRQHandler
                0x080017dc                RTC_Alarm_IRQHandler
 *(.glue_7)
 .glue_7        0x080017de        0x0 linker stubs
 *(.glue_7t)
 .glue_7t       0x080017de        0x0 linker stubs
 *(.eh_frame)
 *fill*         0x080017de        0x2 
 .eh_frame      0x080017e0        0x0 /Applications/ArmGNUToolchain/13.3.rel1/arm-none-eabi/bin/../lib/gcc/arm-none-eabi/13.3.1/thumb/v7e-m+fp/hard/crtbegin.o
 *(.init)
 .init          0x080017e0        0x4 /Applications/ArmGNUToolchain/13.3.rel1/arm-none-eabi/bin/../lib/gcc/arm-none-eabi/13.3.1/thumb/v7e-m+fp/hard/crti.o
                0x080017e0                _init
 .init          0x080017e4        0x8 /Applications/ArmGNUToolchain/13.3.rel1/arm-none-eabi/bin/../lib/gcc/arm-none-eabi/13.3.1/thumb/v7e-m+fp/hard/crtn.o
 *(.fini)
 .fini          0x080017ec        0x4 /Applications/ArmGNUToolchain/13.3.rel1/arm-none-eabi/bin/../lib/gcc/arm-none-eabi/13.3.1/thumb/v7e-m+fp/hard/crti.o
                0x080017ec                _fini
 .fini          0x080017f0        0x8 /Applications/ArmGNUToolchain/13.3.rel1/arm-none-eabi/bin/../lib/gcc/arm-none-eabi/13.3.1/thumb/v7e-m+fp/hard/crtn.o
                0x080017f8                        . = ALIGN (0x4)
                0x080017f8                        _etext = .

.vfp11_veneer   0x080017f8        0x0
 .vfp11_veneer  0x080017f8        0x0 linker stubs

.v4_bx          0x080017f8        0x0
 .v4_bx         0x080017f8        0x0 linker stubs

.iplt           0x080017f8        0x0
 .iplt          0x080017f8        0x0 /Applications/ArmGNUToolchain/13.3.rel1/arm-none-eabi/bin/../lib/gcc/arm-none-eabi/13.3.1/thumb/v7e-m+fp/hard/crtbegin.o

.rodata         0x080017f8       0x40
                0x080017f8                        . = ALIGN (0x4)
 *(.rodata)
 *(.rodata*)
 .rodata.AHBPrescTable
                0x080017f8       0x10 CMakeFiles/SPI_DRIVER.dir/Core/Src/system_stm32l4xx.c.obj
                0x080017f8                AHBPrescTable
 .rodata.MSIRangeTable
                0x08001808       0x30 CMakeFiles/SPI_DRIVER.dir/Core/Src/system_stm32l4xx.c.obj
                0x08001808                MSIRangeTable
                0x08001838                        . = ALIGN (0x4)

.rel.dyn        0x08001838        0x0
 .rel.iplt      0x08001838        0x0 /Applications/ArmGNUToolchain/13.3.rel1/arm-none-eabi/bin/../lib/gcc/arm-none-eabi/13.3.1/thumb/v7e-m+fp/hard/crtbegin.o

.ARM.extab      0x08001838        0x0
                0x08001838                        . = ALIGN (0x4)
 *(.ARM.extab* .gnu.linkonce.armextab.*)
                0x08001838                        . = ALIGN (0x4)

.ARM            0x08001838        0x0
                0x08001838                        . = ALIGN (0x4)
                0x08001838                        __exidx_start = .
 *(.ARM.exidx*)
                0x08001838                        __exidx_end = .
                0x08001838                        . = ALIGN (0x4)

.preinit_array  0x08001838        0x0
                0x08001838                        . = ALIGN (0x4)
                0x08001838                        PROVIDE (__preinit_array_start = .)
 *(.preinit_array*)
                0x08001838                        PROVIDE (__preinit_array_end = .)
                0x08001838                        . = ALIGN (0x4)

.init_array     0x08001838        0x4
                0x08001838                        . = ALIGN (0x4)
                0x08001838                        PROVIDE (__init_array_start = .)
 *(SORT_BY_NAME(.init_array.*))
 *(.init_array*)
 .init_array    0x08001838        0x4 /Applications/ArmGNUToolchain/13.3.rel1/arm-none-eabi/bin/../lib/gcc/arm-none-eabi/13.3.1/thumb/v7e-m+fp/hard/crtbegin.o
                0x0800183c                        PROVIDE (__init_array_end = .)
                0x0800183c                        . = ALIGN (0x4)

.fini_array     0x0800183c        0x4
                0x0800183c                        . = ALIGN (0x4)
                [!provide]                        PROVIDE (__fini_array_start = .)
 *(SORT_BY_NAME(.fini_array.*))
 *(.fini_array*)
 .fini_array    0x0800183c        0x4 /Applications/ArmGNUToolchain/13.3.rel1/arm-none-eabi/bin/../lib/gcc/arm-none-eabi/13.3.1/thumb/v7e-m+fp/hard/crtbegin.o
                [!provide]                        PROVIDE (__fini_array_end = .)
                0x08001840                        . = ALIGN (0x4)
                0x08001840                        _sidata = LOADADDR (.data)

.data           0x20000000        0xc load address 0x08001840
                0x20000000                        . = ALIGN (0x4)
                0x20000000                        _sdata = .
 *(.data)
 *(.data*)
 .data.uwTickPrio
                0x20000000        0x4 CMakeFiles/SPI_DRIVER.dir/Drivers/STM32L4xx_HAL_Driver/Src/stm32l4xx_hal.c.obj
                0x20000000                uwTickPrio
 .data.uwTickFreq
                0x20000004        0x1 CMakeFiles/SPI_DRIVER.dir/Drivers/STM32L4xx_HAL_Driver/Src/stm32l4xx_hal.c.obj
                0x20000004                uwTickFreq
 *fill*         0x20000005        0x3 
 .data.SystemCoreClock
                0x20000008        0x4 CMakeFiles/SPI_DRIVER.dir/Core/Src/system_stm32l4xx.c.obj
                0x20000008                SystemCoreClock
 *(.RamFunc)
 *(.RamFunc*)
                0x2000000c                        . = ALIGN (0x4)
                0x2000000c                        _edata = .

.tm_clone_table
                0x2000000c        0x0 load address 0x0800184c
 .tm_clone_table
                0x2000000c        0x0 /Applications/ArmGNUToolchain/13.3.rel1/arm-none-eabi/bin/../lib/gcc/arm-none-eabi/13.3.1/thumb/v7e-m+fp/hard/crtbegin.o
 .tm_clone_table
                0x2000000c        0x0 /Applications/ArmGNUToolchain/13.3.rel1/arm-none-eabi/bin/../lib/gcc/arm-none-eabi/13.3.1/thumb/v7e-m+fp/hard/crtend.o

.igot.plt       0x2000000c        0x0 load address 0x0800184c
 .igot.plt      0x2000000c        0x0 /Applications/ArmGNUToolchain/13.3.rel1/arm-none-eabi/bin/../lib/gcc/arm-none-eabi/13.3.1/thumb/v7e-m+fp/hard/crtbegin.o
                0x2000000c                        . = ALIGN (0x4)

.bss            0x2000000c       0x20 load address 0x0800184c
                0x2000000c                        _sbss = .
                0x2000000c                        __bss_start__ = _sbss
 *(.bss)
 *(.bss*)
 .bss.completed.1
                0x2000000c        0x1 /Applications/ArmGNUToolchain/13.3.rel1/arm-none-eabi/bin/../lib/gcc/arm-none-eabi/13.3.1/thumb/v7e-m+fp/hard/crtbegin.o
 *fill*         0x2000000d        0x3 
 .bss.object.0  0x20000010       0x18 /Applications/ArmGNUToolchain/13.3.rel1/arm-none-eabi/bin/../lib/gcc/arm-none-eabi/13.3.1/thumb/v7e-m+fp/hard/crtbegin.o
 .bss.uwTick    0x20000028        0x4 CMakeFiles/SPI_DRIVER.dir/Drivers/STM32L4xx_HAL_Driver/Src/stm32l4xx_hal.c.obj
                0x20000028                uwTick
 *(COMMON)
                0x2000002c                        . = ALIGN (0x4)
                0x2000002c                        _ebss = .
                0x2000002c                        __bss_end__ = _ebss

._user_heap_stack
                0x2000002c      0x604 load address 0x0800184c
                0x20000030                        . = ALIGN (0x8)
 *fill*         0x2000002c        0x4 
                [!provide]                        PROVIDE (end = .)
                0x20000030                        PROVIDE (_end = .)
                0x20000230                        . = (. + _Min_Heap_Size)
 *fill*         0x20000030      0x200 
                0x20000630                        . = (. + _Min_Stack_Size)
 *fill*         0x20000230      0x400 
                0x20000630                        . = ALIGN (0x8)

/DISCARD/
 libc.a(*)
 libm.a(*)
 libgcc.a(*)

.ARM.attributes
                0x00000000       0x30
 *(.ARM.attributes)
 .ARM.attributes
                0x00000000       0x22 /Applications/ArmGNUToolchain/13.3.rel1/arm-none-eabi/bin/../lib/gcc/arm-none-eabi/13.3.1/thumb/v7e-m+fp/hard/crti.o
 .ARM.attributes
                0x00000022       0x34 /Applications/ArmGNUToolchain/13.3.rel1/arm-none-eabi/bin/../lib/gcc/arm-none-eabi/13.3.1/thumb/v7e-m+fp/hard/crtbegin.o
 .ARM.attributes
                0x00000056       0x34 /Applications/ArmGNUToolchain/13.3.rel1/arm-none-eabi/bin/../lib/gcc/arm-none-eabi/13.3.1/../../../../arm-none-eabi/lib/thumb/v7e-m+fp/hard/libc_nano.a(libc_a-memset.o)
 .ARM.attributes
                0x0000008a       0x34 /Applications/ArmGNUToolchain/13.3.rel1/arm-none-eabi/bin/../lib/gcc/arm-none-eabi/13.3.1/../../../../arm-none-eabi/lib/thumb/v7e-m+fp/hard/libc_nano.a(libc_a-init.o)
 .ARM.attributes
                0x000000be       0x34 CMakeFiles/SPI_DRIVER.dir/Core/Src/main.c.obj
 .ARM.attributes
                0x000000f2       0x34 CMakeFiles/SPI_DRIVER.dir/Core/Src/stm32l4xx_it.c.obj
 .ARM.attributes
                0x00000126       0x34 CMakeFiles/SPI_DRIVER.dir/Core/Src/stm32l4xx_hal_msp.c.obj
 .ARM.attributes
                0x0000015a       0x34 CMakeFiles/SPI_DRIVER.dir/Drivers/STM32L4xx_HAL_Driver/Src/stm32l4xx_hal.c.obj
 .ARM.attributes
                0x0000018e       0x34 CMakeFiles/SPI_DRIVER.dir/Drivers/STM32L4xx_HAL_Driver/Src/stm32l4xx_hal_rcc.c.obj
 .ARM.attributes
                0x000001c2       0x34 CMakeFiles/SPI_DRIVER.dir/Drivers/STM32L4xx_HAL_Driver/Src/stm32l4xx_hal_gpio.c.obj
 .ARM.attributes
                0x000001f6       0x34 CMakeFiles/SPI_DRIVER.dir/Drivers/STM32L4xx_HAL_Driver/Src/stm32l4xx_hal_pwr_ex.c.obj
 .ARM.attributes
                0x0000022a       0x34 CMakeFiles/SPI_DRIVER.dir/Drivers/STM32L4xx_HAL_Driver/Src/stm32l4xx_hal_cortex.c.obj
 .ARM.attributes
                0x0000025e       0x34 CMakeFiles/SPI_DRIVER.dir/Core/Src/system_stm32l4xx.c.obj
 .ARM.attributes
                0x00000292       0x21 CMakeFiles/SPI_DRIVER.dir/startup_stm32l476xx.s.obj
 .ARM.attributes
                0x000002b3       0x34 /Applications/ArmGNUToolchain/13.3.rel1/arm-none-eabi/bin/../lib/gcc/arm-none-eabi/13.3.1/thumb/v7e-m+fp/hard/crtend.o
 .ARM.attributes
                0x000002e7       0x22 /Applications/ArmGNUToolchain/13.3.rel1/arm-none-eabi/bin/../lib/gcc/arm-none-eabi/13.3.1/thumb/v7e-m+fp/hard/crtn.o
OUTPUT(SPI_DRIVER.elf elf32-littlearm)
LOAD linker stubs
LOAD /Applications/ArmGNUToolchain/13.3.rel1/arm-none-eabi/bin/../lib/gcc/arm-none-eabi/13.3.1/../../../../arm-none-eabi/lib/thumb/v7e-m+fp/hard/libc.a
LOAD /Applications/ArmGNUToolchain/13.3.rel1/arm-none-eabi/bin/../lib/gcc/arm-none-eabi/13.3.1/../../../../arm-none-eabi/lib/thumb/v7e-m+fp/hard/libm.a
LOAD /Applications/ArmGNUToolchain/13.3.rel1/arm-none-eabi/bin/../lib/gcc/arm-none-eabi/13.3.1/thumb/v7e-m+fp/hard/libgcc.a

.debug_frame    0x00000000     0x14d8
 .debug_frame   0x00000000       0x20 /Applications/ArmGNUToolchain/13.3.rel1/arm-none-eabi/bin/../lib/gcc/arm-none-eabi/13.3.1/../../../../arm-none-eabi/lib/thumb/v7e-m+fp/hard/libc_nano.a(libc_a-memset.o)
 .debug_frame   0x00000020       0x2c /Applications/ArmGNUToolchain/13.3.rel1/arm-none-eabi/bin/../lib/gcc/arm-none-eabi/13.3.1/../../../../arm-none-eabi/lib/thumb/v7e-m+fp/hard/libc_nano.a(libc_a-init.o)
 .debug_frame   0x0000004c       0x8c CMakeFiles/SPI_DRIVER.dir/Core/Src/main.c.obj
 .debug_frame   0x000000d8      0x104 CMakeFiles/SPI_DRIVER.dir/Core/Src/stm32l4xx_it.c.obj
 .debug_frame   0x000001dc       0x38 CMakeFiles/SPI_DRIVER.dir/Core/Src/stm32l4xx_hal_msp.c.obj
 .debug_frame   0x00000214      0x498 CMakeFiles/SPI_DRIVER.dir/Drivers/STM32L4xx_HAL_Driver/Src/stm32l4xx_hal.c.obj
 .debug_frame   0x000006ac      0x21c CMakeFiles/SPI_DRIVER.dir/Drivers/STM32L4xx_HAL_Driver/Src/stm32l4xx_hal_rcc.c.obj
 .debug_frame   0x000008c8      0x14c CMakeFiles/SPI_DRIVER.dir/Drivers/STM32L4xx_HAL_Driver/Src/stm32l4xx_hal_gpio.c.obj
 .debug_frame   0x00000a14      0x584 CMakeFiles/SPI_DRIVER.dir/Drivers/STM32L4xx_HAL_Driver/Src/stm32l4xx_hal_pwr_ex.c.obj
 .debug_frame   0x00000f98      0x4e8 CMakeFiles/SPI_DRIVER.dir/Drivers/STM32L4xx_HAL_Driver/Src/stm32l4xx_hal_cortex.c.obj
 .debug_frame   0x00001480       0x58 CMakeFiles/SPI_DRIVER.dir/Core/Src/system_stm32l4xx.c.obj

.debug_info     0x00000000     0x472c
 .debug_info    0x00000000      0x6ec CMakeFiles/SPI_DRIVER.dir/Core/Src/main.c.obj
 .debug_info    0x000006ec      0x113 CMakeFiles/SPI_DRIVER.dir/Core/Src/stm32l4xx_it.c.obj
 .debug_info    0x000007ff      0x2b9 CMakeFiles/SPI_DRIVER.dir/Core/Src/stm32l4xx_hal_msp.c.obj
 .debug_info    0x00000ab8      0xc09 CMakeFiles/SPI_DRIVER.dir/Drivers/STM32L4xx_HAL_Driver/Src/stm32l4xx_hal.c.obj
 .debug_info    0x000016c1      0xc14 CMakeFiles/SPI_DRIVER.dir/Drivers/STM32L4xx_HAL_Driver/Src/stm32l4xx_hal_rcc.c.obj
 .debug_info    0x000022d5      0x757 CMakeFiles/SPI_DRIVER.dir/Drivers/STM32L4xx_HAL_Driver/Src/stm32l4xx_hal_gpio.c.obj
 .debug_info    0x00002a2c      0x99e CMakeFiles/SPI_DRIVER.dir/Drivers/STM32L4xx_HAL_Driver/Src/stm32l4xx_hal_pwr_ex.c.obj
 .debug_info    0x000033ca      0xd81 CMakeFiles/SPI_DRIVER.dir/Drivers/STM32L4xx_HAL_Driver/Src/stm32l4xx_hal_cortex.c.obj
 .debug_info    0x0000414b      0x5b1 CMakeFiles/SPI_DRIVER.dir/Core/Src/system_stm32l4xx.c.obj
 .debug_info    0x000046fc       0x30 CMakeFiles/SPI_DRIVER.dir/startup_stm32l476xx.s.obj

.debug_abbrev   0x00000000     0x105a
 .debug_abbrev  0x00000000      0x1f5 CMakeFiles/SPI_DRIVER.dir/Core/Src/main.c.obj
 .debug_abbrev  0x000001f5       0x73 CMakeFiles/SPI_DRIVER.dir/Core/Src/stm32l4xx_it.c.obj
 .debug_abbrev  0x00000268       0xc6 CMakeFiles/SPI_DRIVER.dir/Core/Src/stm32l4xx_hal_msp.c.obj
 .debug_abbrev  0x0000032e      0x243 CMakeFiles/SPI_DRIVER.dir/Drivers/STM32L4xx_HAL_Driver/Src/stm32l4xx_hal.c.obj
 .debug_abbrev  0x00000571      0x2cb CMakeFiles/SPI_DRIVER.dir/Drivers/STM32L4xx_HAL_Driver/Src/stm32l4xx_hal_rcc.c.obj
 .debug_abbrev  0x0000083c      0x1cb CMakeFiles/SPI_DRIVER.dir/Drivers/STM32L4xx_HAL_Driver/Src/stm32l4xx_hal_gpio.c.obj
 .debug_abbrev  0x00000a07      0x1f9 CMakeFiles/SPI_DRIVER.dir/Drivers/STM32L4xx_HAL_Driver/Src/stm32l4xx_hal_pwr_ex.c.obj
 .debug_abbrev  0x00000c00      0x31c CMakeFiles/SPI_DRIVER.dir/Drivers/STM32L4xx_HAL_Driver/Src/stm32l4xx_hal_cortex.c.obj
 .debug_abbrev  0x00000f1c      0x11a CMakeFiles/SPI_DRIVER.dir/Core/Src/system_stm32l4xx.c.obj
 .debug_abbrev  0x00001036       0x24 CMakeFiles/SPI_DRIVER.dir/startup_stm32l476xx.s.obj

.debug_aranges  0x00000000      0x5a8
 .debug_aranges
                0x00000000       0x38 CMakeFiles/SPI_DRIVER.dir/Core/Src/main.c.obj
 .debug_aranges
                0x00000038       0x60 CMakeFiles/SPI_DRIVER.dir/Core/Src/stm32l4xx_it.c.obj
 .debug_aranges
                0x00000098       0x20 CMakeFiles/SPI_DRIVER.dir/Core/Src/stm32l4xx_hal_msp.c.obj
 .debug_aranges
                0x000000b8      0x130 CMakeFiles/SPI_DRIVER.dir/Drivers/STM32L4xx_HAL_Driver/Src/stm32l4xx_hal.c.obj
 .debug_aranges
                0x000001e8       0x90 CMakeFiles/SPI_DRIVER.dir/Drivers/STM32L4xx_HAL_Driver/Src/stm32l4xx_hal_rcc.c.obj
 .debug_aranges
                0x00000278       0x58 CMakeFiles/SPI_DRIVER.dir/Drivers/STM32L4xx_HAL_Driver/Src/stm32l4xx_hal_gpio.c.obj
 .debug_aranges
                0x000002d0      0x160 CMakeFiles/SPI_DRIVER.dir/Drivers/STM32L4xx_HAL_Driver/Src/stm32l4xx_hal_pwr_ex.c.obj
 .debug_aranges
                0x00000430      0x128 CMakeFiles/SPI_DRIVER.dir/Drivers/STM32L4xx_HAL_Driver/Src/stm32l4xx_hal_cortex.c.obj
 .debug_aranges
                0x00000558       0x28 CMakeFiles/SPI_DRIVER.dir/Core/Src/system_stm32l4xx.c.obj
 .debug_aranges
                0x00000580       0x28 CMakeFiles/SPI_DRIVER.dir/startup_stm32l476xx.s.obj

.debug_rnglists
                0x00000000      0x41e
 .debug_rnglists
                0x00000000       0x27 CMakeFiles/SPI_DRIVER.dir/Core/Src/main.c.obj
 .debug_rnglists
                0x00000027       0x43 CMakeFiles/SPI_DRIVER.dir/Core/Src/stm32l4xx_it.c.obj
 .debug_rnglists
                0x0000006a       0x13 CMakeFiles/SPI_DRIVER.dir/Core/Src/stm32l4xx_hal_msp.c.obj
 .debug_rnglists
                0x0000007d       0xdf CMakeFiles/SPI_DRIVER.dir/Drivers/STM32L4xx_HAL_Driver/Src/stm32l4xx_hal.c.obj
 .debug_rnglists
                0x0000015c       0x6d CMakeFiles/SPI_DRIVER.dir/Drivers/STM32L4xx_HAL_Driver/Src/stm32l4xx_hal_rcc.c.obj
 .debug_rnglists
                0x000001c9       0x3f CMakeFiles/SPI_DRIVER.dir/Drivers/STM32L4xx_HAL_Driver/Src/stm32l4xx_hal_gpio.c.obj
 .debug_rnglists
                0x00000208      0x109 CMakeFiles/SPI_DRIVER.dir/Drivers/STM32L4xx_HAL_Driver/Src/stm32l4xx_hal_pwr_ex.c.obj
 .debug_rnglists
                0x00000311       0xda CMakeFiles/SPI_DRIVER.dir/Drivers/STM32L4xx_HAL_Driver/Src/stm32l4xx_hal_cortex.c.obj
 .debug_rnglists
                0x000003eb       0x1a CMakeFiles/SPI_DRIVER.dir/Core/Src/system_stm32l4xx.c.obj
 .debug_rnglists
                0x00000405       0x19 CMakeFiles/SPI_DRIVER.dir/startup_stm32l476xx.s.obj

.debug_macro    0x00000000    0x241f2
 .debug_macro   0x00000000      0x1a7 CMakeFiles/SPI_DRIVER.dir/Core/Src/main.c.obj
 .debug_macro   0x000001a7      0xad8 CMakeFiles/SPI_DRIVER.dir/Core/Src/main.c.obj
 .debug_macro   0x00000c7f      0x19b CMakeFiles/SPI_DRIVER.dir/Core/Src/main.c.obj
 .debug_macro   0x00000e1a       0x2e CMakeFiles/SPI_DRIVER.dir/Core/Src/main.c.obj
 .debug_macro   0x00000e48       0x28 CMakeFiles/SPI_DRIVER.dir/Core/Src/main.c.obj
 .debug_macro   0x00000e70       0x22 CMakeFiles/SPI_DRIVER.dir/Core/Src/main.c.obj
 .debug_macro   0x00000e92       0x8e CMakeFiles/SPI_DRIVER.dir/Core/Src/main.c.obj
 .debug_macro   0x00000f20       0x51 CMakeFiles/SPI_DRIVER.dir/Core/Src/main.c.obj
 .debug_macro   0x00000f71      0x103 CMakeFiles/SPI_DRIVER.dir/Core/Src/main.c.obj
 .debug_macro   0x00001074       0x6a CMakeFiles/SPI_DRIVER.dir/Core/Src/main.c.obj
 .debug_macro   0x000010de      0x1df CMakeFiles/SPI_DRIVER.dir/Core/Src/main.c.obj
 .debug_macro   0x000012bd       0x1c CMakeFiles/SPI_DRIVER.dir/Core/Src/main.c.obj
 .debug_macro   0x000012d9       0x22 CMakeFiles/SPI_DRIVER.dir/Core/Src/main.c.obj
 .debug_macro   0x000012fb       0xfb CMakeFiles/SPI_DRIVER.dir/Core/Src/main.c.obj
 .debug_macro   0x000013f6     0x1011 CMakeFiles/SPI_DRIVER.dir/Core/Src/main.c.obj
 .debug_macro   0x00002407      0x11f CMakeFiles/SPI_DRIVER.dir/Core/Src/main.c.obj
 .debug_macro   0x00002526    0x1a17a CMakeFiles/SPI_DRIVER.dir/Core/Src/main.c.obj
 .debug_macro   0x0001c6a0       0x6d CMakeFiles/SPI_DRIVER.dir/Core/Src/main.c.obj
 .debug_macro   0x0001c70d     0x38fb CMakeFiles/SPI_DRIVER.dir/Core/Src/main.c.obj
 .debug_macro   0x00020008      0x190 CMakeFiles/SPI_DRIVER.dir/Core/Src/main.c.obj
 .debug_macro   0x00020198       0x5c CMakeFiles/SPI_DRIVER.dir/Core/Src/main.c.obj
 .debug_macro   0x000201f4     0x159e CMakeFiles/SPI_DRIVER.dir/Core/Src/main.c.obj
 .debug_macro   0x00021792      0x5a5 CMakeFiles/SPI_DRIVER.dir/Core/Src/main.c.obj
 .debug_macro   0x00021d37      0x1b9 CMakeFiles/SPI_DRIVER.dir/Core/Src/main.c.obj
 .debug_macro   0x00021ef0      0x18b CMakeFiles/SPI_DRIVER.dir/Core/Src/main.c.obj
 .debug_macro   0x0002207b      0x26b CMakeFiles/SPI_DRIVER.dir/Core/Src/main.c.obj
 .debug_macro   0x000222e6      0x23d CMakeFiles/SPI_DRIVER.dir/Core/Src/main.c.obj
 .debug_macro   0x00022523      0x241 CMakeFiles/SPI_DRIVER.dir/Core/Src/main.c.obj
 .debug_macro   0x00022764      0x37c CMakeFiles/SPI_DRIVER.dir/Core/Src/main.c.obj
 .debug_macro   0x00022ae0       0xd6 CMakeFiles/SPI_DRIVER.dir/Core/Src/main.c.obj
 .debug_macro   0x00022bb6      0x122 CMakeFiles/SPI_DRIVER.dir/Core/Src/main.c.obj
 .debug_macro   0x00022cd8      0x3ef CMakeFiles/SPI_DRIVER.dir/Core/Src/main.c.obj
 .debug_macro   0x000230c7      0x330 CMakeFiles/SPI_DRIVER.dir/Core/Src/main.c.obj
 .debug_macro   0x000233f7       0x58 CMakeFiles/SPI_DRIVER.dir/Core/Src/main.c.obj
 .debug_macro   0x0002344f      0x1b1 CMakeFiles/SPI_DRIVER.dir/Core/Src/stm32l4xx_it.c.obj
 .debug_macro   0x00023600      0x1a7 CMakeFiles/SPI_DRIVER.dir/Core/Src/stm32l4xx_hal_msp.c.obj
 .debug_macro   0x000237a7      0x1e6 CMakeFiles/SPI_DRIVER.dir/Drivers/STM32L4xx_HAL_Driver/Src/stm32l4xx_hal.c.obj
 .debug_macro   0x0002398d      0x1da CMakeFiles/SPI_DRIVER.dir/Drivers/STM32L4xx_HAL_Driver/Src/stm32l4xx_hal_rcc.c.obj
 .debug_macro   0x00023b67      0x19f CMakeFiles/SPI_DRIVER.dir/Drivers/STM32L4xx_HAL_Driver/Src/stm32l4xx_hal_gpio.c.obj
 .debug_macro   0x00023d06      0x1bc CMakeFiles/SPI_DRIVER.dir/Drivers/STM32L4xx_HAL_Driver/Src/stm32l4xx_hal_pwr_ex.c.obj
 .debug_macro   0x00023ec2      0x198 CMakeFiles/SPI_DRIVER.dir/Drivers/STM32L4xx_HAL_Driver/Src/stm32l4xx_hal_cortex.c.obj
 .debug_macro   0x0002405a      0x198 CMakeFiles/SPI_DRIVER.dir/Core/Src/system_stm32l4xx.c.obj

.debug_line     0x00000000     0x5692
 .debug_line    0x00000000      0x6d5 CMakeFiles/SPI_DRIVER.dir/Core/Src/main.c.obj
 .debug_line    0x000006d5      0x6c5 CMakeFiles/SPI_DRIVER.dir/Core/Src/stm32l4xx_it.c.obj
 .debug_line    0x00000d9a      0x617 CMakeFiles/SPI_DRIVER.dir/Core/Src/stm32l4xx_hal_msp.c.obj
 .debug_line    0x000013b1      0xa1d CMakeFiles/SPI_DRIVER.dir/Drivers/STM32L4xx_HAL_Driver/Src/stm32l4xx_hal.c.obj
 .debug_line    0x00001dce      0xf71 CMakeFiles/SPI_DRIVER.dir/Drivers/STM32L4xx_HAL_Driver/Src/stm32l4xx_hal_rcc.c.obj
 .debug_line    0x00002d3f      0xa70 CMakeFiles/SPI_DRIVER.dir/Drivers/STM32L4xx_HAL_Driver/Src/stm32l4xx_hal_gpio.c.obj
 .debug_line    0x000037af      0xbfe CMakeFiles/SPI_DRIVER.dir/Drivers/STM32L4xx_HAL_Driver/Src/stm32l4xx_hal_pwr_ex.c.obj
 .debug_line    0x000043ad      0xbb7 CMakeFiles/SPI_DRIVER.dir/Drivers/STM32L4xx_HAL_Driver/Src/stm32l4xx_hal_cortex.c.obj
 .debug_line    0x00004f64      0x6b4 CMakeFiles/SPI_DRIVER.dir/Core/Src/system_stm32l4xx.c.obj
 .debug_line    0x00005618       0x7a CMakeFiles/SPI_DRIVER.dir/startup_stm32l476xx.s.obj

.debug_str      0x00000000    0xde3ac
 .debug_str     0x00000000    0xde3ac CMakeFiles/SPI_DRIVER.dir/Core/Src/main.c.obj
                              0xdcb1a (size before relaxing)
 .debug_str     0x000de3ac    0xdc779 CMakeFiles/SPI_DRIVER.dir/Core/Src/stm32l4xx_it.c.obj
 .debug_str     0x000de3ac    0xdc840 CMakeFiles/SPI_DRIVER.dir/Core/Src/stm32l4xx_hal_msp.c.obj
 .debug_str     0x000de3ac    0xdd3e0 CMakeFiles/SPI_DRIVER.dir/Drivers/STM32L4xx_HAL_Driver/Src/stm32l4xx_hal.c.obj
 .debug_str     0x000de3ac    0xdce27 CMakeFiles/SPI_DRIVER.dir/Drivers/STM32L4xx_HAL_Driver/Src/stm32l4xx_hal_rcc.c.obj
 .debug_str     0x000de3ac    0xdc95a CMakeFiles/SPI_DRIVER.dir/Drivers/STM32L4xx_HAL_Driver/Src/stm32l4xx_hal_gpio.c.obj
 .debug_str     0x000de3ac    0xdcd3c CMakeFiles/SPI_DRIVER.dir/Drivers/STM32L4xx_HAL_Driver/Src/stm32l4xx_hal_pwr_ex.c.obj
 .debug_str     0x000de3ac    0xdd05a CMakeFiles/SPI_DRIVER.dir/Drivers/STM32L4xx_HAL_Driver/Src/stm32l4xx_hal_cortex.c.obj
 .debug_str     0x000de3ac    0xdc7e1 CMakeFiles/SPI_DRIVER.dir/Core/Src/system_stm32l4xx.c.obj
 .debug_str     0x000de3ac       0x80 CMakeFiles/SPI_DRIVER.dir/startup_stm32l476xx.s.obj

.comment        0x00000000       0x45
 .comment       0x00000000       0x45 CMakeFiles/SPI_DRIVER.dir/Core/Src/main.c.obj
                                 0x46 (size before relaxing)
 .comment       0x00000045       0x46 CMakeFiles/SPI_DRIVER.dir/Core/Src/stm32l4xx_it.c.obj
 .comment       0x00000045       0x46 CMakeFiles/SPI_DRIVER.dir/Core/Src/stm32l4xx_hal_msp.c.obj
 .comment       0x00000045       0x46 CMakeFiles/SPI_DRIVER.dir/Drivers/STM32L4xx_HAL_Driver/Src/stm32l4xx_hal.c.obj
 .comment       0x00000045       0x46 CMakeFiles/SPI_DRIVER.dir/Drivers/STM32L4xx_HAL_Driver/Src/stm32l4xx_hal_rcc.c.obj
 .comment       0x00000045       0x46 CMakeFiles/SPI_DRIVER.dir/Drivers/STM32L4xx_HAL_Driver/Src/stm32l4xx_hal_gpio.c.obj
 .comment       0x00000045       0x46 CMakeFiles/SPI_DRIVER.dir/Drivers/STM32L4xx_HAL_Driver/Src/stm32l4xx_hal_pwr_ex.c.obj
 .comment       0x00000045       0x46 CMakeFiles/SPI_DRIVER.dir/Drivers/STM32L4xx_HAL_Driver/Src/stm32l4xx_hal_cortex.c.obj
 .comment       0x00000045       0x46 CMakeFiles/SPI_DRIVER.dir/Core/Src/system_stm32l4xx.c.obj

.debug_line_str
                0x00000000       0x64
 .debug_line_str
                0x00000000       0x64 CMakeFiles/SPI_DRIVER.dir/startup_stm32l476xx.s.obj
